Removing mpi version 2021.6.0
Use `module list` to view any remaining dependent modules.
Loading mpi version 2021.6.0
impl=assignment1.py np=1 run=1 time=0.040375
impl=assignment1.py np=1 run=2 time=0.040145
impl=assignment1.py np=1 run=3 time=0.039491
impl=assignment1.py np=1 run=4 time=0.041498
impl=assignment1.py np=1 run=5 time=0.039096
impl=assignment1.py np=2 run=1 time=0.385058
impl=assignment1.py np=2 run=2 time=0.384310
impl=assignment1.py np=2 run=3 time=0.377725
impl=assignment1.py np=2 run=4 time=0.389735
impl=assignment1.py np=2 run=5 time=0.388790
impl=assignment1.py np=4 run=1 time=0.590122
impl=assignment1.py np=4 run=2 time=0.583796
impl=assignment1.py np=4 run=3 time=0.593524
impl=assignment1.py np=4 run=4 time=0.738206
impl=assignment1.py np=4 run=5 time=0.591389
impl=assignment1.py np=8 run=1 time=0.702649
impl=assignment1.py np=8 run=2 time=0.693932
impl=assignment1.py np=8 run=3 time=0.700982
impl=assignment1.py np=8 run=4 time=0.701951
impl=assignment1.py np=8 run=5 time=0.699918
impl=assignment1.py np=16 run=1 time=0.861000
impl=assignment1.py np=16 run=2 time=0.880541
impl=assignment1.py np=16 run=3 time=0.894573
impl=assignment1.py np=16 run=4 time=0.887543
impl=assignment1.py np=16 run=5 time=0.874484
impl=pi_improved.py np=1 run=1 time=1.378296
impl=pi_improved.py np=1 run=2 time=1.380925
impl=pi_improved.py np=1 run=3 time=1.378582
impl=pi_improved.py np=1 run=4 time=1.523810
impl=pi_improved.py np=1 run=5 time=1.383003
impl=pi_improved.py np=2 run=1 time=0.696263
impl=pi_improved.py np=2 run=2 time=0.698100
impl=pi_improved.py np=2 run=3 time=0.700297
impl=pi_improved.py np=2 run=4 time=0.695297
impl=pi_improved.py np=2 run=5 time=0.702684
impl=pi_improved.py np=4 run=1 time=0.368758
impl=pi_improved.py np=4 run=2 time=0.374728
impl=pi_improved.py np=4 run=3 time=0.367080
impl=pi_improved.py np=4 run=4 time=0.367345
impl=pi_improved.py np=4 run=5 time=0.368803
impl=pi_improved.py np=8 run=1 time=0.190840
impl=pi_improved.py np=8 run=2 time=0.193795
impl=pi_improved.py np=8 run=3 time=0.191232
impl=pi_improved.py np=8 run=4 time=0.188769
impl=pi_improved.py np=8 run=5 time=0.194034
impl=pi_improved.py np=16 run=1 time=0.113978
impl=pi_improved.py np=16 run=2 time=0.111662
impl=pi_improved.py np=16 run=3 time=0.112366
impl=pi_improved.py np=16 run=4 time=0.113187
impl=pi_improved.py np=16 run=5 time=0.114252
